Analysis & Synthesis report for iitb_risc
Tue Oct 30 00:01:21 2018
Quartus Prime Version 16.0.0 Build 211 04/27/2016 SJ Lite Edition


---------------------
; Table of Contents ;
---------------------
  1. Legal Notice
  2. Analysis & Synthesis Summary
  3. Analysis & Synthesis Settings
  4. Parallel Compilation
  5. Analysis & Synthesis Source Files Read
  6. Analysis & Synthesis Resource Usage Summary
  7. Analysis & Synthesis Resource Utilization by Entity
  8. Registers Removed During Synthesis
  9. Removed Registers Triggering Further Register Optimizations
 10. General Register Statistics
 11. Port Connectivity Checks: "mux_8_1:m_8"
 12. Port Connectivity Checks: "mux_4_1:m_7"
 13. Port Connectivity Checks: "mux_4_1:m_3"
 14. Port Connectivity Checks: "mux_4_1:m_2"
 15. Port Connectivity Checks: "mux_4_1:m_1"
 16. Port Connectivity Checks: "priority_encoder:p_1"
 17. Port Connectivity Checks: "alu:alu_1|adder:opr1|full_adder:a1"
 18. Port Connectivity Checks: "alu:alu_1"
 19. Port Connectivity Checks: "register16:b"
 20. Port Connectivity Checks: "register16:a"
 21. Port Connectivity Checks: "register16:mdr"
 22. Port Connectivity Checks: "ir:ir_1"
 23. Port Connectivity Checks: "memory:mem"
 24. Analysis & Synthesis Messages



----------------
; Legal Notice ;
----------------
Copyright (C) 1991-2016 Altera Corporation. All rights reserved.
Your use of Altera Corporation's design tools, logic functions 
and other software and tools, and its AMPP partner logic 
functions, and any output files from any of the foregoing 
(including device programming or simulation files), and any 
associated documentation or information are expressly subject 
to the terms and conditions of the Altera Program License 
Subscription Agreement, the Altera Quartus Prime License Agreement,
the Altera MegaCore Function License Agreement, or other 
applicable license agreement, including, without limitation, 
that your use is for the sole purpose of programming logic 
devices manufactured by Altera and sold by Altera or its 
authorized distributors.  Please refer to the applicable 
agreement for further details.



+---------------------------------------------------------------------------+
; Analysis & Synthesis Summary                                              ;
+-----------------------------+---------------------------------------------+
; Analysis & Synthesis Status ; Successful - Tue Oct 30 00:01:21 2018       ;
; Quartus Prime Version       ; 16.0.0 Build 211 04/27/2016 SJ Lite Edition ;
; Revision Name               ; iitb_risc                                   ;
; Top-level Entity Name       ; iitb_risc                                   ;
; Family                      ; MAX V                                       ;
; Total logic elements        ; 4                                           ;
; Total pins                  ; 50                                          ;
; Total virtual pins          ; 0                                           ;
; UFM blocks                  ; 0 / 1 ( 0 % )                               ;
+-----------------------------+---------------------------------------------+


+----------------------------------------------------------------------------------------------------------------------+
; Analysis & Synthesis Settings                                                                                        ;
+----------------------------------------------------------------------------+--------------------+--------------------+
; Option                                                                     ; Setting            ; Default Value      ;
+----------------------------------------------------------------------------+--------------------+--------------------+
; Device                                                                     ; 5M1270ZT144C5      ;                    ;
; Top-level entity name                                                      ; iitb_risc          ; iitb_risc          ;
; Family name                                                                ; MAX V              ; Cyclone V          ;
; Use smart compilation                                                      ; Off                ; Off                ;
; Enable parallel Assembler and TimeQuest Timing Analyzer during compilation ; On                 ; On                 ;
; Enable compact report table                                                ; Off                ; Off                ;
; Restructure Multiplexers                                                   ; Auto               ; Auto               ;
; Create Debugging Nodes for IP Cores                                        ; Off                ; Off                ;
; Preserve fewer node names                                                  ; On                 ; On                 ;
; Disable OpenCore Plus hardware evaluation                                  ; Off                ; Off                ;
; Verilog Version                                                            ; Verilog_2001       ; Verilog_2001       ;
; VHDL Version                                                               ; VHDL_1993          ; VHDL_1993          ;
; State Machine Processing                                                   ; Auto               ; Auto               ;
; Safe State Machine                                                         ; Off                ; Off                ;
; Extract Verilog State Machines                                             ; On                 ; On                 ;
; Extract VHDL State Machines                                                ; On                 ; On                 ;
; Ignore Verilog initial constructs                                          ; Off                ; Off                ;
; Iteration limit for constant Verilog loops                                 ; 5000               ; 5000               ;
; Iteration limit for non-constant Verilog loops                             ; 250                ; 250                ;
; Add Pass-Through Logic to Inferred RAMs                                    ; On                 ; On                 ;
; Infer RAMs from Raw Logic                                                  ; On                 ; On                 ;
; Parallel Synthesis                                                         ; On                 ; On                 ;
; NOT Gate Push-Back                                                         ; On                 ; On                 ;
; Power-Up Don't Care                                                        ; On                 ; On                 ;
; Remove Redundant Logic Cells                                               ; Off                ; Off                ;
; Remove Duplicate Registers                                                 ; On                 ; On                 ;
; Ignore CARRY Buffers                                                       ; Off                ; Off                ;
; Ignore CASCADE Buffers                                                     ; Off                ; Off                ;
; Ignore GLOBAL Buffers                                                      ; Off                ; Off                ;
; Ignore ROW GLOBAL Buffers                                                  ; Off                ; Off                ;
; Ignore LCELL Buffers                                                       ; Off                ; Off                ;
; Ignore SOFT Buffers                                                        ; On                 ; On                 ;
; Limit AHDL Integers to 32 Bits                                             ; Off                ; Off                ;
; Optimization Technique                                                     ; Balanced           ; Balanced           ;
; Carry Chain Length                                                         ; 70                 ; 70                 ;
; Auto Carry Chains                                                          ; On                 ; On                 ;
; Auto Open-Drain Pins                                                       ; On                 ; On                 ;
; Perform WYSIWYG Primitive Resynthesis                                      ; Off                ; Off                ;
; Auto Shift Register Replacement                                            ; Auto               ; Auto               ;
; Allow Shift Register Merging across Hierarchies                            ; Auto               ; Auto               ;
; Auto Clock Enable Replacement                                              ; On                 ; On                 ;
; Allow Synchronous Control Signals                                          ; On                 ; On                 ;
; Force Use of Synchronous Clear Signals                                     ; Off                ; Off                ;
; Auto Resource Sharing                                                      ; Off                ; Off                ;
; Use LogicLock Constraints during Resource Balancing                        ; On                 ; On                 ;
; Ignore translate_off and synthesis_off directives                          ; Off                ; Off                ;
; Report Parameter Settings                                                  ; On                 ; On                 ;
; Report Source Assignments                                                  ; On                 ; On                 ;
; Report Connectivity Checks                                                 ; On                 ; On                 ;
; Ignore Maximum Fan-Out Assignments                                         ; Off                ; Off                ;
; Synchronization Register Chain Length                                      ; 2                  ; 2                  ;
; PowerPlay Power Optimization During Synthesis                              ; Normal compilation ; Normal compilation ;
; HDL message level                                                          ; Level2             ; Level2             ;
; Suppress Register Optimization Related Messages                            ; Off                ; Off                ;
; Number of Removed Registers Reported in Synthesis Report                   ; 5000               ; 5000               ;
; Number of Swept Nodes Reported in Synthesis Report                         ; 5000               ; 5000               ;
; Number of Inverted Registers Reported in Synthesis Report                  ; 100                ; 100                ;
; Clock MUX Protection                                                       ; On                 ; On                 ;
; Block Design Naming                                                        ; Auto               ; Auto               ;
; Synthesis Effort                                                           ; Auto               ; Auto               ;
; Shift Register Replacement - Allow Asynchronous Clear Signal               ; On                 ; On                 ;
; Analysis & Synthesis Message Level                                         ; Medium             ; Medium             ;
; Disable Register Merging Across Hierarchies                                ; Auto               ; Auto               ;
; Synthesis Seed                                                             ; 1                  ; 1                  ;
+----------------------------------------------------------------------------+--------------------+--------------------+


Parallel compilation was disabled, but you have multiple processors available. Enable parallel compilation to reduce compilation time.
+-------------------------------------+
; Parallel Compilation                ;
+----------------------------+--------+
; Processors                 ; Number ;
+----------------------------+--------+
; Number detected on machine ; 4      ;
; Maximum allowed            ; 1      ;
+----------------------------+--------+


+---------------------------------------------------------------------------------------------------------------------------------------------+
; Analysis & Synthesis Source Files Read                                                                                                      ;
+----------------------------------+-----------------+-----------------+------------------------------------------------------------+---------+
; File Name with User-Entered Path ; Used in Netlist ; File Type       ; File Name with Absolute Path                               ; Library ;
+----------------------------------+-----------------+-----------------+------------------------------------------------------------+---------+
; register1.vhd                    ; yes             ; User VHDL File  ; /home/ritesh/Desktop/github/IITB_RISC/register1.vhd        ;         ;
; registerfile.vhd                 ; yes             ; User VHDL File  ; /home/ritesh/Desktop/github/IITB_RISC/registerfile.vhd     ;         ;
; and_1_16.vhd                     ; yes             ; User VHDL File  ; /home/ritesh/Desktop/github/IITB_RISC/and_1_16.vhd         ;         ;
; mux_8_1.vhd                      ; yes             ; User VHDL File  ; /home/ritesh/Desktop/github/IITB_RISC/mux_8_1.vhd          ;         ;
; mux_4_1.vhd                      ; yes             ; User VHDL File  ; /home/ritesh/Desktop/github/IITB_RISC/mux_4_1.vhd          ;         ;
; mux_2_1.vhd                      ; yes             ; User VHDL File  ; /home/ritesh/Desktop/github/IITB_RISC/mux_2_1.vhd          ;         ;
; memory.vhd                       ; yes             ; User VHDL File  ; /home/ritesh/Desktop/github/IITB_RISC/memory.vhd           ;         ;
; priority_encoder.vhd             ; yes             ; User VHDL File  ; /home/ritesh/Desktop/github/IITB_RISC/priority_encoder.vhd ;         ;
; leftshift.vhd                    ; yes             ; User VHDL File  ; /home/ritesh/Desktop/github/IITB_RISC/leftshift.vhd        ;         ;
; subtractor.vhd                   ; yes             ; User VHDL File  ; /home/ritesh/Desktop/github/IITB_RISC/subtractor.vhd       ;         ;
; full_sub.vhd                     ; yes             ; User VHDL File  ; /home/ritesh/Desktop/github/IITB_RISC/full_sub.vhd         ;         ;
; adder.vhd                        ; yes             ; User VHDL File  ; /home/ritesh/Desktop/github/IITB_RISC/adder.vhd            ;         ;
; full_adder.vhd                   ; yes             ; User VHDL File  ; /home/ritesh/Desktop/github/IITB_RISC/full_adder.vhd       ;         ;
; iitb_risc.vhd                    ; yes             ; User VHDL File  ; /home/ritesh/Desktop/github/IITB_RISC/iitb_risc.vhd        ;         ;
; nand16.vhd                       ; yes             ; User VHDL File  ; /home/ritesh/Desktop/github/IITB_RISC/nand16.vhd           ;         ;
; signextender.vhd                 ; yes             ; User VHDL File  ; /home/ritesh/Desktop/github/IITB_RISC/signextender.vhd     ;         ;
; wrapper7.vhd                     ; yes             ; User VHDL File  ; /home/ritesh/Desktop/github/IITB_RISC/wrapper7.vhd         ;         ;
; wrapper10.vhd                    ; yes             ; User VHDL File  ; /home/ritesh/Desktop/github/IITB_RISC/wrapper10.vhd        ;         ;
; register16.vhd                   ; yes             ; User VHDL File  ; /home/ritesh/Desktop/github/IITB_RISC/register16.vhd       ;         ;
; alu.vhd                          ; yes             ; User VHDL File  ; /home/ritesh/Desktop/github/IITB_RISC/alu.vhd              ;         ;
; ir.vhd                           ; yes             ; User VHDL File  ; /home/ritesh/Desktop/github/IITB_RISC/ir.vhd               ;         ;
; mux3_2_1.vhd                     ; yes             ; User VHDL File  ; /home/ritesh/Desktop/github/IITB_RISC/mux3_2_1.vhd         ;         ;
; mux3_4_1.vhd                     ; yes             ; User VHDL File  ; /home/ritesh/Desktop/github/IITB_RISC/mux3_4_1.vhd         ;         ;
; wrapper13.vhd                    ; yes             ; User VHDL File  ; /home/ritesh/Desktop/github/IITB_RISC/wrapper13.vhd        ;         ;
+----------------------------------+-----------------+-----------------+------------------------------------------------------------+---------+


+-----------------------------------------------------+
; Analysis & Synthesis Resource Usage Summary         ;
+---------------------------------------------+-------+
; Resource                                    ; Usage ;
+---------------------------------------------+-------+
; Total logic elements                        ; 4     ;
;     -- Combinational with no register       ; 0     ;
;     -- Register only                        ; 2     ;
;     -- Combinational with a register        ; 2     ;
;                                             ;       ;
; Logic element usage by number of LUT inputs ;       ;
;     -- 4 input functions                    ; 1     ;
;     -- 3 input functions                    ; 1     ;
;     -- 2 input functions                    ; 0     ;
;     -- 1 input functions                    ; 0     ;
;     -- 0 input functions                    ; 0     ;
;                                             ;       ;
; Logic elements by mode                      ;       ;
;     -- normal mode                          ; 4     ;
;     -- arithmetic mode                      ; 0     ;
;     -- qfbk mode                            ; 0     ;
;     -- register cascade mode                ; 0     ;
;     -- synchronous clear/load mode          ; 0     ;
;     -- asynchronous clear/load mode         ; 0     ;
;                                             ;       ;
; Total registers                             ; 4     ;
; I/O pins                                    ; 50    ;
; Maximum fan-out node                        ; clk   ;
; Maximum fan-out                             ; 4     ;
; Total fan-out                               ; 17    ;
; Average fan-out                             ; 0.31  ;
+---------------------------------------------+-------+


+------------------------------------------------------------------------------------------------------------------------------------------------------------------------------------------------------------------------------------+
; Analysis & Synthesis Resource Utilization by Entity                                                                                                                                                                                ;
+----------------------------+-------------+--------------+------------+------+--------------+--------------+-------------------+------------------+-----------------+------------+---------------------+-------------+--------------+
; Compilation Hierarchy Node ; Logic Cells ; LC Registers ; UFM Blocks ; Pins ; Virtual Pins ; LUT-Only LCs ; Register-Only LCs ; LUT/Register LCs ; Carry Chain LCs ; Packed LCs ; Full Hierarchy Name ; Entity Name ; Library Name ;
+----------------------------+-------------+--------------+------------+------+--------------+--------------+-------------------+------------------+-----------------+------------+---------------------+-------------+--------------+
; |iitb_risc                 ; 4 (4)       ; 4            ; 0          ; 50   ; 0            ; 0 (0)        ; 2 (2)             ; 2 (2)            ; 0 (0)           ; 0 (0)      ; |iitb_risc          ; iitb_risc   ; work         ;
+----------------------------+-------------+--------------+------------+------+--------------+--------------+-------------------+------------------+-----------------+------------+---------------------+-------------+--------------+
Note: For table entries with two numbers listed, the numbers in parentheses indicate the number of resources of the given type used by the specific entity alone. The numbers listed outside of parentheses indicate the total resources of the given type used by the specific entity and all of its sub-entities in the hierarchy.


+--------------------------------------------------------------------------------+
; Registers Removed During Synthesis                                             ;
+---------------------------------------+----------------------------------------+
; Register name                         ; Reason for Removal                     ;
+---------------------------------------+----------------------------------------+
; next_state[3,4]                       ; Merged with next_state[2]              ;
; state[3,4]                            ; Merged with state[2]                   ;
; next_state[2]                         ; Stuck at GND due to stuck port data_in ;
; state[2]                              ; Stuck at GND due to stuck port data_in ;
; Total Number of Removed Registers = 6 ;                                        ;
+---------------------------------------+----------------------------------------+


+------------------------------------------------------------------------------------+
; Removed Registers Triggering Further Register Optimizations                        ;
+---------------+---------------------------+----------------------------------------+
; Register name ; Reason for Removal        ; Registers Removed due to This Register ;
+---------------+---------------------------+----------------------------------------+
; next_state[2] ; Stuck at GND              ; state[2]                               ;
;               ; due to stuck port data_in ;                                        ;
+---------------+---------------------------+----------------------------------------+


+------------------------------------------------------+
; General Register Statistics                          ;
+----------------------------------------------+-------+
; Statistic                                    ; Value ;
+----------------------------------------------+-------+
; Total registers                              ; 4     ;
; Number of registers using Synchronous Clear  ; 0     ;
; Number of registers using Synchronous Load   ; 0     ;
; Number of registers using Asynchronous Clear ; 0     ;
; Number of registers using Asynchronous Load  ; 0     ;
; Number of registers using Clock Enable       ; 0     ;
; Number of registers using Preset             ; 0     ;
+----------------------------------------------+-------+


+---------------------------------------------+
; Port Connectivity Checks: "mux_8_1:m_8"     ;
+-----------+-------+----------+--------------+
; Port      ; Type  ; Severity ; Details      ;
+-----------+-------+----------+--------------+
; a6[2..0]  ; Input ; Info     ; Stuck at VCC ;
; a6[15..3] ; Input ; Info     ; Stuck at GND ;
; a3        ; Input ; Info     ; Stuck at GND ;
; a2[15..1] ; Input ; Info     ; Stuck at GND ;
; a2[0]     ; Input ; Info     ; Stuck at VCC ;
; a1[15..2] ; Input ; Info     ; Stuck at GND ;
; a1[1]     ; Input ; Info     ; Stuck at VCC ;
; a1[0]     ; Input ; Info     ; Stuck at GND ;
+-----------+-------+----------+--------------+


+-----------------------------------------+
; Port Connectivity Checks: "mux_4_1:m_7" ;
+------+-------+----------+---------------+
; Port ; Type  ; Severity ; Details       ;
+------+-------+----------+---------------+
; a3   ; Input ; Info     ; Stuck at GND  ;
+------+-------+----------+---------------+


+-----------------------------------------+
; Port Connectivity Checks: "mux_4_1:m_3" ;
+------+-------+----------+---------------+
; Port ; Type  ; Severity ; Details       ;
+------+-------+----------+---------------+
; a3   ; Input ; Info     ; Stuck at GND  ;
+------+-------+----------+---------------+


+-----------------------------------------+
; Port Connectivity Checks: "mux_4_1:m_2" ;
+------+-------+----------+---------------+
; Port ; Type  ; Severity ; Details       ;
+------+-------+----------+---------------+
; a3   ; Input ; Info     ; Stuck at GND  ;
+------+-------+----------+---------------+


+-----------------------------------------+
; Port Connectivity Checks: "mux_4_1:m_1" ;
+------+-------+----------+---------------+
; Port ; Type  ; Severity ; Details       ;
+------+-------+----------+---------------+
; a3   ; Input ; Info     ; Stuck at GND  ;
+------+-------+----------+---------------+


+----------------------------------------------------------------------------------------------------------------+
; Port Connectivity Checks: "priority_encoder:p_1"                                                               ;
+------+--------+----------+-------------------------------------------------------------------------------------+
; Port ; Type   ; Severity ; Details                                                                             ;
+------+--------+----------+-------------------------------------------------------------------------------------+
; zero ; Output ; Info     ; Connected to dangling logic. Logic that only feeds a dangling port will be removed. ;
+------+--------+----------+-------------------------------------------------------------------------------------+


+----------------------------------------------------------------+
; Port Connectivity Checks: "alu:alu_1|adder:opr1|full_adder:a1" ;
+------+-------+----------+--------------------------------------+
; Port ; Type  ; Severity ; Details                              ;
+------+-------+----------+--------------------------------------+
; cin  ; Input ; Info     ; Stuck at GND                         ;
+------+-------+----------+--------------------------------------+


+-----------------------------------------+
; Port Connectivity Checks: "alu:alu_1"   ;
+-------+-------+----------+--------------+
; Port  ; Type  ; Severity ; Details      ;
+-------+-------+----------+--------------+
; cin   ; Input ; Info     ; Stuck at GND ;
; reset ; Input ; Info     ; Stuck at GND ;
+-------+-------+----------+--------------+


+------------------------------------------+
; Port Connectivity Checks: "register16:b" ;
+------+-------+----------+----------------+
; Port ; Type  ; Severity ; Details        ;
+------+-------+----------+----------------+
; en   ; Input ; Info     ; Stuck at VCC   ;
+------+-------+----------+----------------+


+------------------------------------------+
; Port Connectivity Checks: "register16:a" ;
+------+-------+----------+----------------+
; Port ; Type  ; Severity ; Details        ;
+------+-------+----------+----------------+
; en   ; Input ; Info     ; Stuck at VCC   ;
+------+-------+----------+----------------+


+--------------------------------------------+
; Port Connectivity Checks: "register16:mdr" ;
+------+-------+----------+------------------+
; Port ; Type  ; Severity ; Details          ;
+------+-------+----------+------------------+
; en   ; Input ; Info     ; Stuck at VCC     ;
+------+-------+----------+------------------+


+------------------------------------------------------------------------------------------------------------------+
; Port Connectivity Checks: "ir:ir_1"                                                                              ;
+--------+--------+----------+-------------------------------------------------------------------------------------+
; Port   ; Type   ; Severity ; Details                                                                             ;
+--------+--------+----------+-------------------------------------------------------------------------------------+
; opcode ; Output ; Info     ; Connected to dangling logic. Logic that only feeds a dangling port will be removed. ;
+--------+--------+----------+-------------------------------------------------------------------------------------+


+----------------------------------------+
; Port Connectivity Checks: "memory:mem" ;
+------+-------+----------+--------------+
; Port ; Type  ; Severity ; Details      ;
+------+-------+----------+--------------+
; init ; Input ; Info     ; Stuck at GND ;
+------+-------+----------+--------------+


+-------------------------------+
; Analysis & Synthesis Messages ;
+-------------------------------+
Info: *******************************************************************
Info: Running Quartus Prime Analysis & Synthesis
    Info: Version 16.0.0 Build 211 04/27/2016 SJ Lite Edition
    Info: Processing started: Tue Oct 30 00:01:09 2018
Info: Command: quartus_map --read_settings_files=on --write_settings_files=off iitb_risc -c iitb_risc
Warning (20028): Parallel compilation is not licensed and has been disabled
Info (12021): Found 2 design units, including 1 entities, in source file register1.vhd
    Info (12022): Found design unit 1: register1-seqnt File: /home/ritesh/Desktop/github/IITB_RISC/register1.vhd Line: 16
    Info (12023): Found entity 1: register1 File: /home/ritesh/Desktop/github/IITB_RISC/register1.vhd Line: 8
Info (12021): Found 2 design units, including 1 entities, in source file decoder_3_8.vhd
    Info (12022): Found design unit 1: decoder_3_8-behave File: /home/ritesh/Desktop/github/IITB_RISC/decoder_3_8.vhd Line: 15
    Info (12023): Found entity 1: decoder_3_8 File: /home/ritesh/Desktop/github/IITB_RISC/decoder_3_8.vhd Line: 9
Info (12021): Found 2 design units, including 1 entities, in source file registerfile.vhd
    Info (12022): Found design unit 1: registerfile-behave File: /home/ritesh/Desktop/github/IITB_RISC/registerfile.vhd Line: 19
    Info (12023): Found entity 1: registerfile File: /home/ritesh/Desktop/github/IITB_RISC/registerfile.vhd Line: 7
Info (12021): Found 2 design units, including 1 entities, in source file and_1_16.vhd
    Info (12022): Found design unit 1: and_1_16-arith File: /home/ritesh/Desktop/github/IITB_RISC/and_1_16.vhd Line: 13
    Info (12023): Found entity 1: and_1_16 File: /home/ritesh/Desktop/github/IITB_RISC/and_1_16.vhd Line: 5
Info (12021): Found 2 design units, including 1 entities, in source file or16.vhd
    Info (12022): Found design unit 1: or16-arith File: /home/ritesh/Desktop/github/IITB_RISC/or16.vhd Line: 12
    Info (12023): Found entity 1: or16 File: /home/ritesh/Desktop/github/IITB_RISC/or16.vhd Line: 5
Info (12021): Found 2 design units, including 1 entities, in source file mux_8_1.vhd
    Info (12022): Found design unit 1: mux_8_1-Struct File: /home/ritesh/Desktop/github/IITB_RISC/mux_8_1.vhd Line: 13
    Info (12023): Found entity 1: mux_8_1 File: /home/ritesh/Desktop/github/IITB_RISC/mux_8_1.vhd Line: 7
Info (12021): Found 2 design units, including 1 entities, in source file mux_4_1.vhd
    Info (12022): Found design unit 1: mux_4_1-Struct File: /home/ritesh/Desktop/github/IITB_RISC/mux_4_1.vhd Line: 13
    Info (12023): Found entity 1: mux_4_1 File: /home/ritesh/Desktop/github/IITB_RISC/mux_4_1.vhd Line: 7
Info (12021): Found 2 design units, including 1 entities, in source file mux_2_1.vhd
    Info (12022): Found design unit 1: mux_2_1-Struct File: /home/ritesh/Desktop/github/IITB_RISC/mux_2_1.vhd Line: 13
    Info (12023): Found entity 1: mux_2_1 File: /home/ritesh/Desktop/github/IITB_RISC/mux_2_1.vhd Line: 7
Info (12021): Found 2 design units, including 1 entities, in source file memory.vhd
    Info (12022): Found design unit 1: memory-memory_behave File: /home/ritesh/Desktop/github/IITB_RISC/memory.vhd Line: 17
    Info (12023): Found entity 1: memory File: /home/ritesh/Desktop/github/IITB_RISC/memory.vhd Line: 8
Info (12021): Found 2 design units, including 1 entities, in source file priority_encoder.vhd
    Info (12022): Found design unit 1: priority_encoder-behave File: /home/ritesh/Desktop/github/IITB_RISC/priority_encoder.vhd Line: 15
    Info (12023): Found entity 1: priority_encoder File: /home/ritesh/Desktop/github/IITB_RISC/priority_encoder.vhd Line: 9
Info (12021): Found 2 design units, including 1 entities, in source file leftshift.vhd
    Info (12022): Found design unit 1: leftshift-Struct File: /home/ritesh/Desktop/github/IITB_RISC/leftshift.vhd Line: 12
    Info (12023): Found entity 1: leftshift File: /home/ritesh/Desktop/github/IITB_RISC/leftshift.vhd Line: 7
Info (12021): Found 2 design units, including 1 entities, in source file inverter_16bit.vhd
    Info (12022): Found design unit 1: inverter_16bit-Struct File: /home/ritesh/Desktop/github/IITB_RISC/inverter_16bit.vhd Line: 11
    Info (12023): Found entity 1: inverter_16bit File: /home/ritesh/Desktop/github/IITB_RISC/inverter_16bit.vhd Line: 7
Info (12021): Found 2 design units, including 1 entities, in source file subtractor.vhd
    Info (12022): Found design unit 1: subtractor-arith File: /home/ritesh/Desktop/github/IITB_RISC/subtractor.vhd Line: 15
    Info (12023): Found entity 1: subtractor File: /home/ritesh/Desktop/github/IITB_RISC/subtractor.vhd Line: 5
Info (12021): Found 2 design units, including 1 entities, in source file full_sub.vhd
    Info (12022): Found design unit 1: full_sub-arith File: /home/ritesh/Desktop/github/IITB_RISC/full_sub.vhd Line: 13
    Info (12023): Found entity 1: full_sub File: /home/ritesh/Desktop/github/IITB_RISC/full_sub.vhd Line: 5
Info (12021): Found 2 design units, including 1 entities, in source file adder.vhd
    Info (12022): Found design unit 1: adder-arith File: /home/ritesh/Desktop/github/IITB_RISC/adder.vhd Line: 14
    Info (12023): Found entity 1: adder File: /home/ritesh/Desktop/github/IITB_RISC/adder.vhd Line: 4
Info (12021): Found 2 design units, including 1 entities, in source file full_adder.vhd
    Info (12022): Found design unit 1: full_adder-arith File: /home/ritesh/Desktop/github/IITB_RISC/full_adder.vhd Line: 13
    Info (12023): Found entity 1: full_adder File: /home/ritesh/Desktop/github/IITB_RISC/full_adder.vhd Line: 5
Info (12021): Found 2 design units, including 1 entities, in source file iitb_risc.vhd
    Info (12022): Found design unit 1: iitb_risc-behave File: /home/ritesh/Desktop/github/IITB_RISC/iitb_risc.vhd Line: 16
    Info (12023): Found entity 1: iitb_risc File: /home/ritesh/Desktop/github/IITB_RISC/iitb_risc.vhd Line: 7
Info (12021): Found 2 design units, including 1 entities, in source file nand16.vhd
    Info (12022): Found design unit 1: nand16-arith File: /home/ritesh/Desktop/github/IITB_RISC/nand16.vhd Line: 13
    Info (12023): Found entity 1: nand16 File: /home/ritesh/Desktop/github/IITB_RISC/nand16.vhd Line: 6
Info (12021): Found 2 design units, including 1 entities, in source file signextender.vhd
    Info (12022): Found design unit 1: signextender-arith File: /home/ritesh/Desktop/github/IITB_RISC/signextender.vhd Line: 14
    Info (12023): Found entity 1: signextender File: /home/ritesh/Desktop/github/IITB_RISC/signextender.vhd Line: 6
Info (12021): Found 2 design units, including 1 entities, in source file wrapper7.vhd
    Info (12022): Found design unit 1: wrapper7-arith File: /home/ritesh/Desktop/github/IITB_RISC/wrapper7.vhd Line: 14
    Info (12023): Found entity 1: wrapper7 File: /home/ritesh/Desktop/github/IITB_RISC/wrapper7.vhd Line: 6
Info (12021): Found 2 design units, including 1 entities, in source file wrapper10.vhd
    Info (12022): Found design unit 1: wrapper10-arith File: /home/ritesh/Desktop/github/IITB_RISC/wrapper10.vhd Line: 14
    Info (12023): Found entity 1: wrapper10 File: /home/ritesh/Desktop/github/IITB_RISC/wrapper10.vhd Line: 6
Info (12021): Found 2 design units, including 1 entities, in source file dflip.vhd
    Info (12022): Found design unit 1: dflip-seqnt File: /home/ritesh/Desktop/github/IITB_RISC/dflip.vhd Line: 15
    Info (12023): Found entity 1: dflip File: /home/ritesh/Desktop/github/IITB_RISC/dflip.vhd Line: 7
Info (12021): Found 2 design units, including 1 entities, in source file register16.vhd
    Info (12022): Found design unit 1: register16-seqnt File: /home/ritesh/Desktop/github/IITB_RISC/register16.vhd Line: 16
    Info (12023): Found entity 1: register16 File: /home/ritesh/Desktop/github/IITB_RISC/register16.vhd Line: 8
Info (12021): Found 2 design units, including 1 entities, in source file alu.vhd
    Info (12022): Found design unit 1: alu-behave File: /home/ritesh/Desktop/github/IITB_RISC/alu.vhd Line: 13
    Info (12023): Found entity 1: alu File: /home/ritesh/Desktop/github/IITB_RISC/alu.vhd Line: 4
Info (12021): Found 2 design units, including 1 entities, in source file ir.vhd
    Info (12022): Found design unit 1: ir-behave File: /home/ritesh/Desktop/github/IITB_RISC/ir.vhd Line: 23
    Info (12023): Found entity 1: ir File: /home/ritesh/Desktop/github/IITB_RISC/ir.vhd Line: 5
Info (12021): Found 2 design units, including 1 entities, in source file mux3_2_1.vhd
    Info (12022): Found design unit 1: mux3_2_1-Struct File: /home/ritesh/Desktop/github/IITB_RISC/mux3_2_1.vhd Line: 13
    Info (12023): Found entity 1: mux3_2_1 File: /home/ritesh/Desktop/github/IITB_RISC/mux3_2_1.vhd Line: 7
Info (12021): Found 2 design units, including 1 entities, in source file mux3_4_1.vhd
    Info (12022): Found design unit 1: mux3_4_1-Struct File: /home/ritesh/Desktop/github/IITB_RISC/mux3_4_1.vhd Line: 13
    Info (12023): Found entity 1: mux3_4_1 File: /home/ritesh/Desktop/github/IITB_RISC/mux3_4_1.vhd Line: 7
Info (12021): Found 2 design units, including 1 entities, in source file wrapper13.vhd
    Info (12022): Found design unit 1: wrapper13-arith File: /home/ritesh/Desktop/github/IITB_RISC/wrapper13.vhd Line: 14
    Info (12023): Found entity 1: wrapper13 File: /home/ritesh/Desktop/github/IITB_RISC/wrapper13.vhd Line: 6
Info (12127): Elaborating entity "iitb_risc" for the top level hierarchy
Warning (10036): Verilog HDL or VHDL warning at iitb_risc.vhd(173): object "opcode" assigned a value but never read File: /home/ritesh/Desktop/github/IITB_RISC/iitb_risc.vhd Line: 173
Warning (10492): VHDL Process Statement warning at iitb_risc.vhd(244): signal "state" is read inside the Process Statement but isn't in the Process Statement's sensitivity list File: /home/ritesh/Desktop/github/IITB_RISC/iitb_risc.vhd Line: 244
Warning (10492): VHDL Process Statement warning at iitb_risc.vhd(245): signal "next_state" is read inside the Process Statement but isn't in the Process Statement's sensitivity list File: /home/ritesh/Desktop/github/IITB_RISC/iitb_risc.vhd Line: 245
Warning (10873): Using initial value X (don't care) for net "output[15..10]" at iitb_risc.vhd(11) File: /home/ritesh/Desktop/github/IITB_RISC/iitb_risc.vhd Line: 11
Info (12128): Elaborating entity "memory" for hierarchy "memory:mem" File: /home/ritesh/Desktop/github/IITB_RISC/iitb_risc.vhd Line: 187
Info (12128): Elaborating entity "ir" for hierarchy "ir:ir_1" File: /home/ritesh/Desktop/github/IITB_RISC/iitb_risc.vhd Line: 190
Info (12128): Elaborating entity "register16" for hierarchy "ir:ir_1|register16:r_1" File: /home/ritesh/Desktop/github/IITB_RISC/ir.vhd Line: 32
Info (12128): Elaborating entity "register1" for hierarchy "register1:zero_flag" File: /home/ritesh/Desktop/github/IITB_RISC/iitb_risc.vhd Line: 201
Info (12128): Elaborating entity "alu" for hierarchy "alu:alu_1" File: /home/ritesh/Desktop/github/IITB_RISC/iitb_risc.vhd Line: 205
Info (12128): Elaborating entity "adder" for hierarchy "alu:alu_1|adder:opr1" File: /home/ritesh/Desktop/github/IITB_RISC/alu.vhd Line: 45
Info (12128): Elaborating entity "full_adder" for hierarchy "alu:alu_1|adder:opr1|full_adder:a1" File: /home/ritesh/Desktop/github/IITB_RISC/adder.vhd Line: 25
Info (12128): Elaborating entity "subtractor" for hierarchy "alu:alu_1|subtractor:opr2" File: /home/ritesh/Desktop/github/IITB_RISC/alu.vhd Line: 46
Info (12128): Elaborating entity "full_sub" for hierarchy "alu:alu_1|subtractor:opr2|full_sub:s1" File: /home/ritesh/Desktop/github/IITB_RISC/subtractor.vhd Line: 26
Info (12128): Elaborating entity "nand16" for hierarchy "alu:alu_1|nand16:opr3" File: /home/ritesh/Desktop/github/IITB_RISC/alu.vhd Line: 47
Info (12128): Elaborating entity "and_1_16" for hierarchy "alu:alu_1|and_1_16:opr4" File: /home/ritesh/Desktop/github/IITB_RISC/alu.vhd Line: 51
Info (12128): Elaborating entity "wrapper10" for hierarchy "wrapper10:e_1" File: /home/ritesh/Desktop/github/IITB_RISC/iitb_risc.vhd Line: 208
Info (12128): Elaborating entity "signextender" for hierarchy "signextender:e_2" File: /home/ritesh/Desktop/github/IITB_RISC/iitb_risc.vhd Line: 209
Info (12128): Elaborating entity "wrapper7" for hierarchy "wrapper7:e_3" File: /home/ritesh/Desktop/github/IITB_RISC/iitb_risc.vhd Line: 210
Info (12128): Elaborating entity "leftshift" for hierarchy "leftshift:l_1" File: /home/ritesh/Desktop/github/IITB_RISC/iitb_risc.vhd Line: 211
Info (12128): Elaborating entity "wrapper13" for hierarchy "wrapper13:e_4" File: /home/ritesh/Desktop/github/IITB_RISC/iitb_risc.vhd Line: 212
Info (12128): Elaborating entity "registerfile" for hierarchy "registerfile:reg_1" File: /home/ritesh/Desktop/github/IITB_RISC/iitb_risc.vhd Line: 215
Info (12128): Elaborating entity "priority_encoder" for hierarchy "priority_encoder:p_1" File: /home/ritesh/Desktop/github/IITB_RISC/iitb_risc.vhd Line: 218
Warning (10631): VHDL Process Statement warning at priority_encoder.vhd(18): inferring latch(es) for signal or variable "outp", which holds its previous value in one or more paths through the process File: /home/ritesh/Desktop/github/IITB_RISC/priority_encoder.vhd Line: 18
Info (10041): Inferred latch for "outp[0]" at priority_encoder.vhd(18) File: /home/ritesh/Desktop/github/IITB_RISC/priority_encoder.vhd Line: 18
Info (10041): Inferred latch for "outp[1]" at priority_encoder.vhd(18) File: /home/ritesh/Desktop/github/IITB_RISC/priority_encoder.vhd Line: 18
Info (10041): Inferred latch for "outp[2]" at priority_encoder.vhd(18) File: /home/ritesh/Desktop/github/IITB_RISC/priority_encoder.vhd Line: 18
Info (12128): Elaborating entity "mux_4_1" for hierarchy "mux_4_1:m_1" File: /home/ritesh/Desktop/github/IITB_RISC/iitb_risc.vhd Line: 220
Warning (10492): VHDL Process Statement warning at mux_4_1.vhd(20): signal "a3" is read inside the Process Statement but isn't in the Process Statement's sensitivity list File: /home/ritesh/Desktop/github/IITB_RISC/mux_4_1.vhd Line: 20
Warning (10492): VHDL Process Statement warning at mux_4_1.vhd(22): signal "a2" is read inside the Process Statement but isn't in the Process Statement's sensitivity list File: /home/ritesh/Desktop/github/IITB_RISC/mux_4_1.vhd Line: 22
Warning (10492): VHDL Process Statement warning at mux_4_1.vhd(24): signal "a1" is read inside the Process Statement but isn't in the Process Statement's sensitivity list File: /home/ritesh/Desktop/github/IITB_RISC/mux_4_1.vhd Line: 24
Warning (10492): VHDL Process Statement warning at mux_4_1.vhd(26): signal "a0" is read inside the Process Statement but isn't in the Process Statement's sensitivity list File: /home/ritesh/Desktop/github/IITB_RISC/mux_4_1.vhd Line: 26
Info (12128): Elaborating entity "mux3_2_1" for hierarchy "mux3_2_1:m_4" File: /home/ritesh/Desktop/github/IITB_RISC/iitb_risc.vhd Line: 223
Warning (10492): VHDL Process Statement warning at mux3_2_1.vhd(20): signal "a1" is read inside the Process Statement but isn't in the Process Statement's sensitivity list File: /home/ritesh/Desktop/github/IITB_RISC/mux3_2_1.vhd Line: 20
Warning (10492): VHDL Process Statement warning at mux3_2_1.vhd(22): signal "a0" is read inside the Process Statement but isn't in the Process Statement's sensitivity list File: /home/ritesh/Desktop/github/IITB_RISC/mux3_2_1.vhd Line: 22
Info (12128): Elaborating entity "mux3_4_1" for hierarchy "mux3_4_1:m_5" File: /home/ritesh/Desktop/github/IITB_RISC/iitb_risc.vhd Line: 224
Warning (10492): VHDL Process Statement warning at mux3_4_1.vhd(20): signal "a3" is read inside the Process Statement but isn't in the Process Statement's sensitivity list File: /home/ritesh/Desktop/github/IITB_RISC/mux3_4_1.vhd Line: 20
Warning (10492): VHDL Process Statement warning at mux3_4_1.vhd(22): signal "a2" is read inside the Process Statement but isn't in the Process Statement's sensitivity list File: /home/ritesh/Desktop/github/IITB_RISC/mux3_4_1.vhd Line: 22
Warning (10492): VHDL Process Statement warning at mux3_4_1.vhd(24): signal "a1" is read inside the Process Statement but isn't in the Process Statement's sensitivity list File: /home/ritesh/Desktop/github/IITB_RISC/mux3_4_1.vhd Line: 24
Warning (10492): VHDL Process Statement warning at mux3_4_1.vhd(26): signal "a0" is read inside the Process Statement but isn't in the Process Statement's sensitivity list File: /home/ritesh/Desktop/github/IITB_RISC/mux3_4_1.vhd Line: 26
Info (12128): Elaborating entity "mux_2_1" for hierarchy "mux_2_1:m_6" File: /home/ritesh/Desktop/github/IITB_RISC/iitb_risc.vhd Line: 225
Warning (10492): VHDL Process Statement warning at mux_2_1.vhd(20): signal "a1" is read inside the Process Statement but isn't in the Process Statement's sensitivity list File: /home/ritesh/Desktop/github/IITB_RISC/mux_2_1.vhd Line: 20
Warning (10492): VHDL Process Statement warning at mux_2_1.vhd(22): signal "a0" is read inside the Process Statement but isn't in the Process Statement's sensitivity list File: /home/ritesh/Desktop/github/IITB_RISC/mux_2_1.vhd Line: 22
Info (12128): Elaborating entity "mux_8_1" for hierarchy "mux_8_1:m_8" File: /home/ritesh/Desktop/github/IITB_RISC/iitb_risc.vhd Line: 227
Warning (10492): VHDL Process Statement warning at mux_8_1.vhd(20): signal "a7" is read inside the Process Statement but isn't in the Process Statement's sensitivity list File: /home/ritesh/Desktop/github/IITB_RISC/mux_8_1.vhd Line: 20
Warning (10492): VHDL Process Statement warning at mux_8_1.vhd(22): signal "a6" is read inside the Process Statement but isn't in the Process Statement's sensitivity list File: /home/ritesh/Desktop/github/IITB_RISC/mux_8_1.vhd Line: 22
Warning (10492): VHDL Process Statement warning at mux_8_1.vhd(24): signal "a5" is read inside the Process Statement but isn't in the Process Statement's sensitivity list File: /home/ritesh/Desktop/github/IITB_RISC/mux_8_1.vhd Line: 24
Warning (10492): VHDL Process Statement warning at mux_8_1.vhd(26): signal "a4" is read inside the Process Statement but isn't in the Process Statement's sensitivity list File: /home/ritesh/Desktop/github/IITB_RISC/mux_8_1.vhd Line: 26
Warning (10492): VHDL Process Statement warning at mux_8_1.vhd(28): signal "a3" is read inside the Process Statement but isn't in the Process Statement's sensitivity list File: /home/ritesh/Desktop/github/IITB_RISC/mux_8_1.vhd Line: 28
Warning (10492): VHDL Process Statement warning at mux_8_1.vhd(30): signal "a2" is read inside the Process Statement but isn't in the Process Statement's sensitivity list File: /home/ritesh/Desktop/github/IITB_RISC/mux_8_1.vhd Line: 30
Warning (10492): VHDL Process Statement warning at mux_8_1.vhd(32): signal "a1" is read inside the Process Statement but isn't in the Process Statement's sensitivity list File: /home/ritesh/Desktop/github/IITB_RISC/mux_8_1.vhd Line: 32
Warning (10492): VHDL Process Statement warning at mux_8_1.vhd(34): signal "a0" is read inside the Process Statement but isn't in the Process Statement's sensitivity list File: /home/ritesh/Desktop/github/IITB_RISC/mux_8_1.vhd Line: 34
Warning (10631): VHDL Process Statement warning at mux_8_1.vhd(16): inferring latch(es) for signal or variable "outp", which holds its previous value in one or more paths through the process File: /home/ritesh/Desktop/github/IITB_RISC/mux_8_1.vhd Line: 16
Info (10041): Inferred latch for "outp[0]" at mux_8_1.vhd(16) File: /home/ritesh/Desktop/github/IITB_RISC/mux_8_1.vhd Line: 16
Info (10041): Inferred latch for "outp[1]" at mux_8_1.vhd(16) File: /home/ritesh/Desktop/github/IITB_RISC/mux_8_1.vhd Line: 16
Info (10041): Inferred latch for "outp[2]" at mux_8_1.vhd(16) File: /home/ritesh/Desktop/github/IITB_RISC/mux_8_1.vhd Line: 16
Info (10041): Inferred latch for "outp[3]" at mux_8_1.vhd(16) File: /home/ritesh/Desktop/github/IITB_RISC/mux_8_1.vhd Line: 16
Info (10041): Inferred latch for "outp[4]" at mux_8_1.vhd(16) File: /home/ritesh/Desktop/github/IITB_RISC/mux_8_1.vhd Line: 16
Info (10041): Inferred latch for "outp[5]" at mux_8_1.vhd(16) File: /home/ritesh/Desktop/github/IITB_RISC/mux_8_1.vhd Line: 16
Info (10041): Inferred latch for "outp[6]" at mux_8_1.vhd(16) File: /home/ritesh/Desktop/github/IITB_RISC/mux_8_1.vhd Line: 16
Info (10041): Inferred latch for "outp[7]" at mux_8_1.vhd(16) File: /home/ritesh/Desktop/github/IITB_RISC/mux_8_1.vhd Line: 16
Info (10041): Inferred latch for "outp[8]" at mux_8_1.vhd(16) File: /home/ritesh/Desktop/github/IITB_RISC/mux_8_1.vhd Line: 16
Info (10041): Inferred latch for "outp[9]" at mux_8_1.vhd(16) File: /home/ritesh/Desktop/github/IITB_RISC/mux_8_1.vhd Line: 16
Info (10041): Inferred latch for "outp[10]" at mux_8_1.vhd(16) File: /home/ritesh/Desktop/github/IITB_RISC/mux_8_1.vhd Line: 16
Info (10041): Inferred latch for "outp[11]" at mux_8_1.vhd(16) File: /home/ritesh/Desktop/github/IITB_RISC/mux_8_1.vhd Line: 16
Info (10041): Inferred latch for "outp[12]" at mux_8_1.vhd(16) File: /home/ritesh/Desktop/github/IITB_RISC/mux_8_1.vhd Line: 16
Info (10041): Inferred latch for "outp[13]" at mux_8_1.vhd(16) File: /home/ritesh/Desktop/github/IITB_RISC/mux_8_1.vhd Line: 16
Info (10041): Inferred latch for "outp[14]" at mux_8_1.vhd(16) File: /home/ritesh/Desktop/github/IITB_RISC/mux_8_1.vhd Line: 16
Info (10041): Inferred latch for "outp[15]" at mux_8_1.vhd(16) File: /home/ritesh/Desktop/github/IITB_RISC/mux_8_1.vhd Line: 16
Warning (13024): Output pins are stuck at VCC or GND
    Warning (13410): Pin "output[2]" is stuck at GND File: /home/ritesh/Desktop/github/IITB_RISC/iitb_risc.vhd Line: 11
    Warning (13410): Pin "output[3]" is stuck at GND File: /home/ritesh/Desktop/github/IITB_RISC/iitb_risc.vhd Line: 11
    Warning (13410): Pin "output[4]" is stuck at GND File: /home/ritesh/Desktop/github/IITB_RISC/iitb_risc.vhd Line: 11
    Warning (13410): Pin "output[7]" is stuck at GND File: /home/ritesh/Desktop/github/IITB_RISC/iitb_risc.vhd Line: 11
    Warning (13410): Pin "output[8]" is stuck at GND File: /home/ritesh/Desktop/github/IITB_RISC/iitb_risc.vhd Line: 11
    Warning (13410): Pin "output[9]" is stuck at GND File: /home/ritesh/Desktop/github/IITB_RISC/iitb_risc.vhd Line: 11
    Warning (13410): Pin "output[10]" is stuck at GND File: /home/ritesh/Desktop/github/IITB_RISC/iitb_risc.vhd Line: 11
    Warning (13410): Pin "output[11]" is stuck at GND File: /home/ritesh/Desktop/github/IITB_RISC/iitb_risc.vhd Line: 11
    Warning (13410): Pin "output[12]" is stuck at GND File: /home/ritesh/Desktop/github/IITB_RISC/iitb_risc.vhd Line: 11
    Warning (13410): Pin "output[13]" is stuck at GND File: /home/ritesh/Desktop/github/IITB_RISC/iitb_risc.vhd Line: 11
    Warning (13410): Pin "output[14]" is stuck at GND File: /home/ritesh/Desktop/github/IITB_RISC/iitb_risc.vhd Line: 11
    Warning (13410): Pin "output[15]" is stuck at GND File: /home/ritesh/Desktop/github/IITB_RISC/iitb_risc.vhd Line: 11
Warning (21074): Design contains 32 input pin(s) that do not drive logic
    Warning (15610): No output dependent on input pin "input[0]" File: /home/ritesh/Desktop/github/IITB_RISC/iitb_risc.vhd Line: 10
    Warning (15610): No output dependent on input pin "input[1]" File: /home/ritesh/Desktop/github/IITB_RISC/iitb_risc.vhd Line: 10
    Warning (15610): No output dependent on input pin "input[2]" File: /home/ritesh/Desktop/github/IITB_RISC/iitb_risc.vhd Line: 10
    Warning (15610): No output dependent on input pin "input[3]" File: /home/ritesh/Desktop/github/IITB_RISC/iitb_risc.vhd Line: 10
    Warning (15610): No output dependent on input pin "input[4]" File: /home/ritesh/Desktop/github/IITB_RISC/iitb_risc.vhd Line: 10
    Warning (15610): No output dependent on input pin "input[5]" File: /home/ritesh/Desktop/github/IITB_RISC/iitb_risc.vhd Line: 10
    Warning (15610): No output dependent on input pin "input[6]" File: /home/ritesh/Desktop/github/IITB_RISC/iitb_risc.vhd Line: 10
    Warning (15610): No output dependent on input pin "input[7]" File: /home/ritesh/Desktop/github/IITB_RISC/iitb_risc.vhd Line: 10
    Warning (15610): No output dependent on input pin "input[8]" File: /home/ritesh/Desktop/github/IITB_RISC/iitb_risc.vhd Line: 10
    Warning (15610): No output dependent on input pin "input[9]" File: /home/ritesh/Desktop/github/IITB_RISC/iitb_risc.vhd Line: 10
    Warning (15610): No output dependent on input pin "input[10]" File: /home/ritesh/Desktop/github/IITB_RISC/iitb_risc.vhd Line: 10
    Warning (15610): No output dependent on input pin "input[11]" File: /home/ritesh/Desktop/github/IITB_RISC/iitb_risc.vhd Line: 10
    Warning (15610): No output dependent on input pin "input[12]" File: /home/ritesh/Desktop/github/IITB_RISC/iitb_risc.vhd Line: 10
    Warning (15610): No output dependent on input pin "input[13]" File: /home/ritesh/Desktop/github/IITB_RISC/iitb_risc.vhd Line: 10
    Warning (15610): No output dependent on input pin "input[14]" File: /home/ritesh/Desktop/github/IITB_RISC/iitb_risc.vhd Line: 10
    Warning (15610): No output dependent on input pin "input[15]" File: /home/ritesh/Desktop/github/IITB_RISC/iitb_risc.vhd Line: 10
    Warning (15610): No output dependent on input pin "input[16]" File: /home/ritesh/Desktop/github/IITB_RISC/iitb_risc.vhd Line: 10
    Warning (15610): No output dependent on input pin "input[17]" File: /home/ritesh/Desktop/github/IITB_RISC/iitb_risc.vhd Line: 10
    Warning (15610): No output dependent on input pin "input[18]" File: /home/ritesh/Desktop/github/IITB_RISC/iitb_risc.vhd Line: 10
    Warning (15610): No output dependent on input pin "input[19]" File: /home/ritesh/Desktop/github/IITB_RISC/iitb_risc.vhd Line: 10
    Warning (15610): No output dependent on input pin "input[20]" File: /home/ritesh/Desktop/github/IITB_RISC/iitb_risc.vhd Line: 10
    Warning (15610): No output dependent on input pin "input[21]" File: /home/ritesh/Desktop/github/IITB_RISC/iitb_risc.vhd Line: 10
    Warning (15610): No output dependent on input pin "input[22]" File: /home/ritesh/Desktop/github/IITB_RISC/iitb_risc.vhd Line: 10
    Warning (15610): No output dependent on input pin "input[23]" File: /home/ritesh/Desktop/github/IITB_RISC/iitb_risc.vhd Line: 10
    Warning (15610): No output dependent on input pin "input[24]" File: /home/ritesh/Desktop/github/IITB_RISC/iitb_risc.vhd Line: 10
    Warning (15610): No output dependent on input pin "input[25]" File: /home/ritesh/Desktop/github/IITB_RISC/iitb_risc.vhd Line: 10
    Warning (15610): No output dependent on input pin "input[26]" File: /home/ritesh/Desktop/github/IITB_RISC/iitb_risc.vhd Line: 10
    Warning (15610): No output dependent on input pin "input[27]" File: /home/ritesh/Desktop/github/IITB_RISC/iitb_risc.vhd Line: 10
    Warning (15610): No output dependent on input pin "input[28]" File: /home/ritesh/Desktop/github/IITB_RISC/iitb_risc.vhd Line: 10
    Warning (15610): No output dependent on input pin "input[29]" File: /home/ritesh/Desktop/github/IITB_RISC/iitb_risc.vhd Line: 10
    Warning (15610): No output dependent on input pin "input[30]" File: /home/ritesh/Desktop/github/IITB_RISC/iitb_risc.vhd Line: 10
    Warning (15610): No output dependent on input pin "input[31]" File: /home/ritesh/Desktop/github/IITB_RISC/iitb_risc.vhd Line: 10
Info (21057): Implemented 54 device resources after synthesis - the final resource count might be different
    Info (21058): Implemented 34 input pins
    Info (21059): Implemented 16 output pins
    Info (21061): Implemented 4 logic cells
Info: Quartus Prime Analysis & Synthesis was successful. 0 errors, 73 warnings
    Info: Peak virtual memory: 1229 megabytes
    Info: Processing ended: Tue Oct 30 00:01:21 2018
    Info: Elapsed time: 00:00:12
    Info: Total CPU time (on all processors): 00:00:28


